#-----------------------------------------------------------
# Vivado v2025.1 (64-bit)
# SW Build 6140274 on Thu May 22 00:12:29 MDT 2025
# IP Build 6138677 on Thu May 22 03:10:11 MDT 2025
# SharedData Build 6139179 on Tue May 20 17:58:58 MDT 2025
# Start of session at: Wed Nov  5 12:08:11 2025
# Process ID         : 11976
# Current directory  : C:/Users/ratho/Desktop/Verilog_projects/2_TrafficLightController
# Command line       : vivado.exe -gui_launcher_event rodinguilauncherevent15628 C:\Users\ratho\Desktop\Verilog_projects\2_TrafficLightController\2_TrafficLightController.xpr
# Log file           : C:/Users/ratho/Desktop/Verilog_projects/2_TrafficLightController/vivado.log
# Journal file       : C:/Users/ratho/Desktop/Verilog_projects/2_TrafficLightController\vivado.jou
# Running On         : DESKTOP-A6MEONG
# Platform           : Windows Server 2016 or Windows 10
# Operating System   : 26200
# Processor Detail   : Intel(R) Core(TM) i5-9300H CPU @ 2.40GHz
# CPU Frequency      : 2400 MHz
# CPU Physical cores : 4
# CPU Logical cores  : 8
# Host memory        : 17012 MB
# Swap memory        : 15032 MB
# Total Virtual      : 32044 MB
# Available Virtual  : 10716 MB
#-----------------------------------------------------------
start_gui
open_hw_manager
close_hw_manager
